7.82224e-08 1.96718e-06 0.000120982 
7.82224e-08 1.96718e-06 0.000120982 
8.82312e-08 1.96737e-06 0.000120984 
7.84423e-08 1.96716e-06 0.000120982 
3.1498e-07 5.58401e-06 0.000241959 
0.00121532 0.00293495 0.0154397 
0.000312138 0.0010341 0.00773304 
7.9632e-05 0.000363973 0.0038692 
2.01218e-05 0.000128057 0.0019352 
5.05296e-06 4.50569e-05 0.000967737 
3.1498e-07 5.58401e-06 0.000241959 
1.26365e-06 1.58584e-05 0.000483902 
3.1498e-07 5.58401e-06 0.000241959 
0.0108276 0.0122023 0.0179512 
0.00563389 0.00627349 0.00906217 
0.00287354 0.00317666 0.00454261 
0.00144984 0.00159679 0.00227291 
0.000727156 0.000799889 0.0011367 
0.000363587 0.000400085 0.000568391 
0.000181547 0.000199993 0.000284203 
0.0139404 0.01499 0.0187394 
0.00729119 0.00771445 0.00934107 
0.00375452 0.00392478 0.00466346 
0.0019144 0.00198369 0.00232995 
0.000969941 0.000998721 0.00116451 
0.000489372 0.000501627 0.000582138 
0.000246216 0.000251574 0.00029104 
0.00501651 0.0057114 0.0166578 
0.00237331 0.00275324 0.00826489 
0.00115432 0.00135673 0.00411646 
0.000569256 0.000674229 0.00205423 
0.000282671 0.000336205 0.00102612 
0.000140848 0.000167894 0.000512809 
7.03023e-05 8.38985e-05 0.000256342 
0.000312138 0.0010341 0.00773304 
3.1498e-07 5.58401e-06 0.000241959 
